mode: set
einvoice-saas/internal/exporter/facturx_pdfa3.go:36.2,36.22 1 1
einvoice-saas/internal/exporter/facturx_pdfa3.go:37.3,38.1 1 0
einvoice-saas/internal/exporter/facturx_pdfa3.go:40.2,41.19 2 1
einvoice-saas/internal/exporter/facturx_pdfa3.go:42.3,43.1 1 0
einvoice-saas/internal/exporter/facturx_pdfa3.go:45.2,47.1 4 1
einvoice-saas/internal/exporter/facturx_pdfa3.go:49.2,50.1 4 1
einvoice-saas/internal/exporter/facturx_pdfa3.go:52.2,52.47 4 1
einvoice-saas/internal/exporter/facturx_pdfa3.go:53.3,55.1 2 1
einvoice-saas/internal/exporter/facturx_pdfa3.go:58.2,59.1 16 1
einvoice-saas/internal/exporter/facturx_pdfa3.go:61.2,62.1 16 1
einvoice-saas/internal/exporter/facturx_pdfa3.go:64.2,67.1 16 1
einvoice-saas/internal/exporter/facturx_pdfa3.go:68.2,69.1 16 1
einvoice-saas/internal/exporter/facturx_pdfa3.go:71.2,72.1 16 1
einvoice-saas/internal/exporter/facturx_pdfa3.go:74.2,75.1 16 1
einvoice-saas/internal/exporter/facturx_pdfa3.go:77.2,79.1 16 1
einvoice-saas/internal/exporter/facturx_pdfa3.go:81.2,83.1 16 1
einvoice-saas/internal/exporter/facturx_pdfa3.go:85.2,88.1 16 1
einvoice-saas/internal/exporter/facturx_pdfa3.go:90.2,93.30 16 1
einvoice-saas/internal/exporter/facturx_pdfa3.go:94.3,95.1 1 1
einvoice-saas/internal/exporter/facturx_pdfa3.go:98.2,99.1 2 1
einvoice-saas/internal/exporter/facturx_pdfa3.go:100.2,100.25 2 1
einvoice-saas/internal/exporter/facturx_pdfa3.go:104.2,106.1 3 1
einvoice-saas/internal/exporter/facturx_pdfa3.go:107.2,141.1 3 1
einvoice-saas/internal/exporter/facturx_pdfa3.go:145.2,146.1 2 1
einvoice-saas/internal/exporter/facturx_pdfa3.go:147.2,147.40 2 1
einvoice-saas/internal/exporter/facturx_pdfa3.go:148.3,149.1 1 0
einvoice-saas/internal/exporter/facturx_pdfa3.go:150.2,150.60 1 1
einvoice-saas/internal/exporter/facturx_pdfa3.go:151.3,152.1 1 0
einvoice-saas/internal/exporter/facturx_pdfa3.go:153.2,153.46 1 1
einvoice-saas/internal/exporter/facturx_pdfa3.go:154.3,155.1 1 0
einvoice-saas/internal/exporter/facturx_pdfa3.go:156.2,156.60 1 1
einvoice-saas/internal/exporter/facturx_pdfa3.go:157.3,158.1 1 0
einvoice-saas/internal/exporter/facturx_pdfa3.go:159.2,159.84 1 1
einvoice-saas/internal/exporter/facturx_pdfa3.go:160.3,161.1 1 0
einvoice-saas/internal/exporter/facturx_pdfa3.go:163.2,163.12 1 1
einvoice-saas/internal/evidence/ledger.go:25.1,35.1 10 1
einvoice-saas/internal/evidence/ledger.go:47.1,47.21 1 1
einvoice-saas/internal/evidence/ledger.go:48.1,49.1 1 0
einvoice-saas/internal/evidence/ledger.go:51.1,52.1 2 1
einvoice-saas/internal/evidence/ledger.go:53.1,53.29 2 1
einvoice-saas/internal/evidence/ledger.go:54.1,54.48 1 1
einvoice-saas/internal/evidence/ledger.go:55.1,56.1 1 0
einvoice-saas/internal/evidence/ledger.go:57.1,57.60 1 1
einvoice-saas/internal/evidence/ledger.go:58.1,59.1 1 0
einvoice-saas/internal/evidence/ledger.go:61.1,62.31 2 1
einvoice-saas/internal/evidence/ledger.go:63.1,64.1 1 1
einvoice-saas/internal/evidence/ledger.go:65.1,65.30 1 1
einvoice-saas/internal/evidence/ledger.go:68.1,68.17 1 1
einvoice-saas/internal/evidence/ledger.go:72.1,73.1 1 0
einvoice-saas/internal/compliance/validators/ma/ubl_validator.go:52.1,57.1 3 1
einvoice-saas/internal/compliance/validators/ma/ubl_validator.go:59.1,60.52 3 1
einvoice-saas/internal/compliance/validators/ma/ubl_validator.go:61.1,71.1 4 0
einvoice-saas/internal/compliance/validators/ma/ubl_validator.go:74.1,75.108 2 1
einvoice-saas/internal/compliance/validators/ma/ubl_validator.go:76.1,77.1 1 0
einvoice-saas/internal/compliance/validators/ma/ubl_validator.go:80.1,81.108 2 1
einvoice-saas/internal/compliance/validators/ma/ubl_validator.go:82.1,83.1 1 0
einvoice-saas/internal/compliance/validators/ma/ubl_validator.go:86.1,87.108 2 1
einvoice-saas/internal/compliance/validators/ma/ubl_validator.go:88.1,89.1 1 0
einvoice-saas/internal/compliance/validators/ma/ubl_validator.go:92.1,92.48 1 1
einvoice-saas/internal/compliance/validators/ma/ubl_validator.go:93.1,93.34 1 1
einvoice-saas/internal/compliance/validators/ma/ubl_validator.go:94.1,95.15 2 1
einvoice-saas/internal/compliance/validators/ma/ubl_validator.go:96.1,96.70 1 1
einvoice-saas/internal/compliance/validators/ma/ubl_validator.go:97.1,98.1 1 0
einvoice-saas/internal/compliance/validators/ma/ubl_validator.go:104.1,104.36 1 1
einvoice-saas/internal/compliance/validators/ma/ubl_validator.go:105.1,105.28 1 0
einvoice-saas/internal/compliance/validators/ma/ubl_validator.go:106.1,108.1 2 0
einvoice-saas/internal/compliance/validators/ma/ubl_validator.go:108.8,108.37 1 0
einvoice-saas/internal/compliance/validators/ma/ubl_validator.go:109.1,110.1 1 0
einvoice-saas/internal/compliance/validators/ma/ubl_validator.go:113.1,113.14 1 1
einvoice-saas/internal/compliance/validators/ma/validator.go:33.1,34.19 2 1
einvoice-saas/internal/compliance/validators/ma/validator.go:35.1,42.1 1 1
einvoice-saas/internal/compliance/validators/ma/validator.go:44.1,44.36 1 1
einvoice-saas/internal/compliance/validators/ma/validator.go:45.1,52.1 1 1
einvoice-saas/internal/compliance/validators/ma/validator.go:54.1,54.11 1 1
einvoice-saas/internal/compliance/validators/ma/validator.go:59.1,60.18 2 1
einvoice-saas/internal/compliance/validators/ma/validator.go:61.1,68.1 1 0
einvoice-saas/internal/compliance/validators/ma/validator.go:70.1,70.34 1 1
einvoice-saas/internal/compliance/validators/ma/validator.go:71.1,78.1 1 0
einvoice-saas/internal/compliance/validators/ma/validator.go:80.1,80.11 1 1
einvoice-saas/internal/compliance/validators/ma/validator.go:85.1,85.32 1 1
einvoice-saas/internal/compliance/validators/ma/validator.go:86.1,93.1 1 1
einvoice-saas/internal/compliance/validators/ma/validator.go:95.1,95.11 1 1
einvoice-saas/internal/clearance/ksef_connector.go:15.2,16.1 1 0
einvoice-saas/internal/clearance/ksef_connector.go:25.2,25.26 1 0
einvoice-saas/internal/clearance/ksef_connector.go:26.3,27.1 1 0
einvoice-saas/internal/clearance/ksef_connector.go:30.2,35.8 2 0
einvoice-saas/internal/clearance/ppf_connector.go:25.2,30.1 1 0
einvoice-saas/internal/clearance/ppf_connector.go:41.2,41.26 1 0
einvoice-saas/internal/clearance/ppf_connector.go:42.3,43.1 1 0
einvoice-saas/internal/clearance/ppf_connector.go:46.2,50.1 3 0
einvoice-saas/internal/clearance/ppf_connector.go:51.2,52.16 3 0
einvoice-saas/internal/clearance/ppf_connector.go:53.3,54.1 1 0
einvoice-saas/internal/clearance/ppf_connector.go:56.2,58.16 3 0
einvoice-saas/internal/clearance/ppf_connector.go:59.3,60.1 1 0
einvoice-saas/internal/clearance/ppf_connector.go:62.2,64.1 4 0
einvoice-saas/internal/clearance/ppf_connector.go:65.2,66.16 4 0
einvoice-saas/internal/clearance/ppf_connector.go:67.3,68.1 1 0
einvoice-saas/internal/clearance/ppf_connector.go:69.2,70.1 2 0
einvoice-saas/internal/clearance/ppf_connector.go:71.2,71.28 2 0
einvoice-saas/internal/clearance/ppf_connector.go:72.3,73.1 1 0
einvoice-saas/internal/clearance/ppf_connector.go:75.2,76.64 2 0
einvoice-saas/internal/clearance/ppf_connector.go:78.3,84.1 1 0
einvoice-saas/internal/clearance/ppf_connector.go:86.2,86.18 1 0
einvoice-saas/internal/compliance/engine.go:20.1,21.1 2 0
einvoice-saas/internal/compliance/engine.go:23.1,23.18 2 0
einvoice-saas/internal/compliance/engine.go:24.1,25.84 2 0
einvoice-saas/internal/compliance/engine.go:26.1,27.1 1 0
einvoice-saas/internal/compliance/engine.go:28.1,29.1 1 0
einvoice-saas/internal/compliance/engine.go:32.1,32.16 1 0
einvoice-saas/internal/compliance/engine.go:34.1,36.31 3 0
einvoice-saas/internal/compliance/engine.go:37.1,45.1 1 0
einvoice-saas/internal/compliance/engine.go:46.1,52.1 1 0
einvoice-saas/internal/compliance/engine.go:55.1,55.12 1 0
einvoice-saas/internal/compliance/engine.go:58.1,64.1 1 0
einvoice-saas/internal/middleware/auth.go:30.1,30.45 1 0
einvoice-saas/internal/middleware/auth.go:31.1,31.70 1 0
einvoice-saas/internal/middleware/auth.go:32.1,33.21 2 0
einvoice-saas/internal/middleware/auth.go:34.1,36.1 2 0
einvoice-saas/internal/middleware/auth.go:38.1,39.62 2 0
einvoice-saas/internal/middleware/auth.go:40.1,42.1 2 0
einvoice-saas/internal/middleware/auth.go:44.1,45.23 2 0
einvoice-saas/internal/middleware/auth.go:46.1,48.1 2 0
einvoice-saas/internal/middleware/auth.go:50.1,52.1 4 0
einvoice-saas/internal/middleware/auth.go:53.1,54.50 4 0
einvoice-saas/internal/middleware/auth.go:55.1,57.1 2 0
einvoice-saas/internal/middleware/auth.go:59.1,61.1 3 0
einvoice-saas/internal/middleware/auth.go:62.1,62.38 3 0
einvoice-saas/internal/middleware/auth.go:68.1,69.15 2 0
einvoice-saas/internal/middleware/auth.go:70.1,71.1 1 0
einvoice-saas/internal/middleware/auth.go:72.1,73.21 2 0
einvoice-saas/internal/middleware/auth.go:74.1,75.1 1 0
einvoice-saas/internal/middleware/auth.go:76.1,76.16 1 0
einvoice-saas/internal/middleware/security_headers.go:9.2,9.71 1 0
einvoice-saas/internal/middleware/security_headers.go:10.3,16.1 7 0
einvoice-saas/internal/middleware/security_headers.go:17.3,18.1 7 0
einvoice-saas/internal/repository/user_store.go:28.2,29.1 1 0
einvoice-saas/internal/repository/user_store.go:32.2,35.1 6 0
einvoice-saas/internal/repository/user_store.go:36.2,39.1 6 0
einvoice-saas/internal/repository/user_store.go:40.2,41.16 6 0
einvoice-saas/internal/repository/user_store.go:42.3,43.1 1 0
einvoice-saas/internal/repository/user_store.go:44.2,44.12 1 0
einvoice-saas/internal/repository/user_store.go:48.2,52.1 5 0
einvoice-saas/internal/repository/user_store.go:53.2,54.1 5 0
einvoice-saas/internal/repository/user_store.go:55.2,57.16 5 0
einvoice-saas/internal/repository/user_store.go:58.3,58.36 1 0
einvoice-saas/internal/repository/user_store.go:59.4,60.1 1 0
einvoice-saas/internal/repository/user_store.go:61.3,61.18 1 0
einvoice-saas/internal/repository/user_store.go:63.2,63.16 1 0
einvoice-saas/internal/routing/as4/as4_client.go:50.2,52.1 2 1
einvoice-saas/internal/routing/as4/as4_client.go:53.2,53.20 2 1
einvoice-saas/internal/routing/as4/as4_client.go:54.3,55.1 1 0
einvoice-saas/internal/routing/as4/as4_client.go:56.2,56.23 1 1
einvoice-saas/internal/routing/as4/as4_client.go:57.3,58.1 1 0
einvoice-saas/internal/routing/as4/as4_client.go:60.2,71.1 1 1
einvoice-saas/internal/routing/as4/as4_client.go:76.2,76.25 1 1
einvoice-saas/internal/routing/as4/as4_client.go:77.3,78.1 1 0
einvoice-saas/internal/routing/as4/as4_client.go:80.2,81.54 2 1
einvoice-saas/internal/routing/as4/as4_client.go:82.3,83.17 2 1
einvoice-saas/internal/routing/as4/as4_client.go:84.4,85.1 1 1
einvoice-saas/internal/routing/as4/as4_client.go:86.3,87.1 3 1
einvoice-saas/internal/routing/as4/as4_client.go:89.3,90.10 3 1
einvoice-saas/internal/routing/as4/as4_client.go:92.4,93.25 2 0
einvoice-saas/internal/routing/as4/as4_client.go:94.30,94.30 0 1
einvoice-saas/internal/routing/as4/as4_client.go:98.2,99.111 2 1
einvoice-saas/internal/routing/as4/as4_client.go:103.2,104.16 2 1
einvoice-saas/internal/routing/as4/as4_client.go:105.3,106.1 1 0
einvoice-saas/internal/routing/as4/as4_client.go:108.2,112.1 6 1
einvoice-saas/internal/routing/as4/as4_client.go:113.2,114.16 6 1
einvoice-saas/internal/routing/as4/as4_client.go:115.3,116.1 1 0
einvoice-saas/internal/routing/as4/as4_client.go:117.2,118.1 2 1
einvoice-saas/internal/routing/as4/as4_client.go:119.2,119.77 2 1
einvoice-saas/internal/routing/as4/as4_client.go:120.3,121.1 1 1
einvoice-saas/internal/routing/as4/as4_client.go:122.2,122.80 1 1
einvoice-saas/internal/routing/as4/as4_client.go:123.3,125.1 2 0
einvoice-saas/internal/routing/as4/as4_client.go:127.2,132.8 1 1
einvoice-saas/internal/routing/as4/as4_client.go:136.2,144.1 3 1
einvoice-saas/internal/security/jwt_validator.go:33.2,37.1 1 0
einvoice-saas/internal/security/jwt_validator.go:42.2,43.21 2 0
einvoice-saas/internal/security/jwt_validator.go:44.3,45.1 1 0
einvoice-saas/internal/security/jwt_validator.go:47.2,48.16 2 0
einvoice-saas/internal/security/jwt_validator.go:49.3,50.1 1 0
einvoice-saas/internal/security/jwt_validator.go:52.2,55.1 2 0
einvoice-saas/internal/security/jwt_validator.go:56.2,56.60 2 0
einvoice-saas/internal/security/jwt_validator.go:57.3,58.1 1 0
einvoice-saas/internal/security/jwt_validator.go:61.2,61.27 1 0
einvoice-saas/internal/security/jwt_validator.go:62.3,63.1 1 0
einvoice-saas/internal/security/jwt_validator.go:66.2,70.1 6 0
einvoice-saas/internal/security/jwt_validator.go:71.2,72.16 6 0
einvoice-saas/internal/security/jwt_validator.go:73.3,74.1 1 0
einvoice-saas/internal/security/jwt_validator.go:76.2,76.53 1 0
einvoice-saas/internal/security/jwt_validator.go:77.3,78.1 1 0
einvoice-saas/internal/security/jwt_validator.go:81.2,82.16 2 0
einvoice-saas/internal/security/jwt_validator.go:83.3,84.1 1 0
einvoice-saas/internal/security/jwt_validator.go:86.2,87.61 2 0
einvoice-saas/internal/security/jwt_validator.go:88.3,89.1 1 0
einvoice-saas/internal/security/jwt_validator.go:91.2,92.1 2 0
einvoice-saas/internal/security/jwt_validator.go:94.2,94.29 2 0
einvoice-saas/internal/security/jwt_validator.go:95.3,96.1 1 0
einvoice-saas/internal/security/jwt_validator.go:98.2,98.52 1 0
einvoice-saas/internal/security/jwt_validator.go:99.3,100.1 1 0
einvoice-saas/internal/security/jwt_validator.go:102.2,102.65 1 0
einvoice-saas/internal/security/jwt_validator.go:103.3,104.1 1 0
einvoice-saas/internal/security/jwt_validator.go:106.2,106.61 1 0
einvoice-saas/internal/security/jwt_validator.go:107.3,108.1 1 0
einvoice-saas/internal/security/jwt_validator.go:110.2,110.21 1 0
einvoice-saas/internal/security/upload_guard.go:24.2,24.109 1 0
einvoice-saas/internal/security/upload_guard.go:25.3,26.1 1 0
einvoice-saas/internal/security/upload_guard.go:29.2,31.16 3 0
einvoice-saas/internal/security/upload_guard.go:32.3,33.1 1 0
einvoice-saas/internal/security/upload_guard.go:34.2,34.36 1 0
einvoice-saas/internal/security/upload_guard.go:35.3,36.1 1 0
einvoice-saas/internal/security/upload_guard.go:39.2,40.43 2 0
einvoice-saas/internal/security/upload_guard.go:41.3,42.119 2 0
einvoice-saas/internal/security/upload_guard.go:43.4,44.1 1 0
einvoice-saas/internal/security/upload_guard.go:47.2,47.18 1 0
einvoice-saas/internal/security/upload_guard.go:51.2,51.11 1 0
einvoice-saas/internal/security/upload_guard.go:52.3,53.1 1 0
einvoice-saas/internal/security/upload_guard.go:54.2,54.10 1 0
einvoice-saas/internal/validator/en16931.go:38.1,43.1 2 1
einvoice-saas/internal/validator/en16931.go:45.1,45.60 2 1
einvoice-saas/internal/validator/en16931.go:46.1,56.1 3 1
einvoice-saas/internal/validator/en16931.go:59.1,60.44 2 1
einvoice-saas/internal/validator/en16931.go:61.1,68.1 1 1
einvoice-saas/internal/validator/en16931.go:71.1,72.51 2 1
einvoice-saas/internal/validator/en16931.go:73.1,80.1 1 0
einvoice-saas/internal/validator/en16931.go:83.1,84.51 2 1
einvoice-saas/internal/validator/en16931.go:85.1,92.1 1 0
einvoice-saas/internal/validator/en16931.go:95.1,95.33 1 1
einvoice-saas/internal/validator/en16931.go:96.1,103.1 1 1
einvoice-saas/internal/validator/en16931.go:105.1,105.14 1 1
einvoice-saas/internal/validator/normative.go:50.2,51.1 1 1
einvoice-saas/internal/validator/normative.go:98.2,99.16 2 1
einvoice-saas/internal/validator/normative.go:100.3,109.1 1 0
einvoice-saas/internal/validator/normative.go:111.2,113.1 3 1
einvoice-saas/internal/validator/normative.go:115.2,115.27 3 1
einvoice-saas/internal/validator/normative.go:116.3,122.1 1 0
einvoice-saas/internal/validator/normative.go:125.2,125.25 1 1
einvoice-saas/internal/validator/normative.go:126.3,132.1 1 0
einvoice-saas/internal/validator/normative.go:135.2,135.25 1 1
einvoice-saas/internal/validator/normative.go:136.3,142.1 1 0
einvoice-saas/internal/validator/normative.go:145.2,145.24 1 1
einvoice-saas/internal/validator/normative.go:146.3,152.1 1 0
einvoice-saas/internal/validator/normative.go:155.2,155.24 1 1
einvoice-saas/internal/validator/normative.go:156.3,162.1 1 0
einvoice-saas/internal/validator/normative.go:165.2,165.26 1 1
einvoice-saas/internal/validator/normative.go:166.3,172.1 1 0
einvoice-saas/internal/validator/normative.go:173.2,173.29 1 1
einvoice-saas/internal/validator/normative.go:174.3,180.1 1 0
einvoice-saas/internal/validator/normative.go:183.2,183.25 1 1
einvoice-saas/internal/validator/normative.go:184.3,190.1 1 0
einvoice-saas/internal/validator/normative.go:191.2,191.28 1 1
einvoice-saas/internal/validator/normative.go:192.3,198.1 1 0
einvoice-saas/internal/validator/normative.go:201.2,201.25 1 1
einvoice-saas/internal/validator/normative.go:202.3,208.1 1 0
einvoice-saas/internal/validator/normative.go:211.2,212.30 2 1
einvoice-saas/internal/validator/normative.go:213.3,213.17 1 1
einvoice-saas/internal/validator/normative.go:214.4,220.1 1 0
einvoice-saas/internal/validator/normative.go:221.3,221.29 1 1
einvoice-saas/internal/validator/normative.go:223.2,223.52 1 1
einvoice-saas/internal/validator/normative.go:224.3,230.1 1 0
einvoice-saas/internal/validator/normative.go:233.2,234.30 2 1
einvoice-saas/internal/validator/normative.go:235.3,237.1 2 1
einvoice-saas/internal/validator/normative.go:238.2,238.49 1 1
einvoice-saas/internal/validator/normative.go:239.3,245.1 1 0
einvoice-saas/internal/validator/normative.go:246.2,246.47 1 1
einvoice-saas/internal/validator/normative.go:247.3,253.1 1 0
einvoice-saas/internal/validator/normative.go:256.2,257.54 2 1
einvoice-saas/internal/validator/normative.go:258.3,264.1 1 1
einvoice-saas/internal/validator/normative.go:267.2,267.77 1 1
einvoice-saas/internal/validator/normative.go:268.3,274.1 1 0
einvoice-saas/internal/validator/normative.go:277.2,277.31 1 1
einvoice-saas/internal/validator/normative.go:278.3,279.110 2 1
einvoice-saas/internal/validator/normative.go:280.4,286.1 1 0
einvoice-saas/internal/validator/normative.go:287.3,288.58 2 1
einvoice-saas/internal/validator/normative.go:289.4,295.1 1 0
einvoice-saas/internal/validator/normative.go:299.2,299.20 1 1
einvoice-saas/internal/validator/normative.go:300.3,300.31 1 0
einvoice-saas/internal/validator/normative.go:301.4,307.1 1 0
einvoice-saas/internal/validator/normative.go:308.3,308.30 1 0
einvoice-saas/internal/validator/normative.go:309.4,315.1 1 0
einvoice-saas/internal/validator/normative.go:318.2,322.8 1 1
einvoice-saas/internal/validator/normative.go:326.2,334.1 9 1
einvoice-saas/internal/validator/normative.go:335.2,335.6 9 1
einvoice-saas/internal/validator/normative.go:336.3,337.20 2 1
einvoice-saas/internal/validator/normative.go:338.4,338.9 1 1
einvoice-saas/internal/validator/normative.go:340.3,340.17 1 1
einvoice-saas/internal/validator/normative.go:341.4,342.1 1 0
einvoice-saas/internal/validator/normative.go:344.3,344.27 1 1
einvoice-saas/internal/validator/normative.go:346.4,348.1 3 1
einvoice-saas/internal/validator/normative.go:349.4,349.59 3 1
einvoice-saas/internal/validator/normative.go:350.5,352.1 2 1
einvoice-saas/internal/validator/normative.go:352.11,352.131 1 1
einvoice-saas/internal/validator/normative.go:353.5,355.1 2 1
einvoice-saas/internal/validator/normative.go:358.4,358.21 1 1
einvoice-saas/internal/validator/normative.go:361.4,364.1 4 1
einvoice-saas/internal/validator/normative.go:365.4,365.17 4 1
einvoice-saas/internal/validator/normative.go:366.5,366.12 1 1
einvoice-saas/internal/validator/normative.go:368.6,368.27 1 1
einvoice-saas/internal/validator/normative.go:370.6,370.25 1 1
einvoice-saas/internal/validator/normative.go:372.6,372.24 1 1
einvoice-saas/internal/validator/normative.go:374.6,374.25 1 1
einvoice-saas/internal/validator/normative.go:376.6,376.23 1 1
einvoice-saas/internal/validator/normative.go:378.6,378.30 1 0
einvoice-saas/internal/validator/normative.go:380.6,380.24 1 1
einvoice-saas/internal/validator/normative.go:382.6,382.26 1 1
einvoice-saas/internal/validator/normative.go:384.6,384.29 1 1
einvoice-saas/internal/validator/normative.go:386.6,386.29 1 1
einvoice-saas/internal/validator/normative.go:388.6,388.27 1 0
einvoice-saas/internal/validator/normative.go:390.6,390.30 1 0
einvoice-saas/internal/validator/normative.go:392.6,392.25 1 1
einvoice-saas/internal/validator/normative.go:394.6,394.28 1 1
einvoice-saas/internal/validator/normative.go:396.6,396.28 1 0
einvoice-saas/internal/validator/normative.go:398.6,398.26 1 0
einvoice-saas/internal/validator/normative.go:400.6,400.29 1 0
einvoice-saas/internal/validator/normative.go:402.6,402.29 1 1
einvoice-saas/internal/validator/normative.go:404.6,404.30 1 1
einvoice-saas/internal/validator/normative.go:406.6,406.28 1 1
einvoice-saas/internal/validator/normative.go:408.6,408.30 1 1
einvoice-saas/internal/validator/normative.go:410.6,410.30 1 1
einvoice-saas/internal/validator/normative.go:412.6,412.22 1 1
einvoice-saas/internal/validator/normative.go:414.6,414.29 1 1
einvoice-saas/internal/validator/normative.go:416.6,416.25 1 1
einvoice-saas/internal/validator/normative.go:418.6,418.26 1 1
einvoice-saas/internal/validator/normative.go:422.4,422.59 1 1
einvoice-saas/internal/validator/normative.go:423.5,425.1 2 1
einvoice-saas/internal/validator/normative.go:425.11,425.67 1 1
einvoice-saas/internal/validator/normative.go:426.5,428.1 2 1
einvoice-saas/internal/validator/normative.go:430.4,430.22 1 1
einvoice-saas/internal/validator/normative.go:431.5,432.1 1 1
einvoice-saas/internal/validator/normative.go:433.4,433.19 1 1
einvoice-saas/internal/validator/normative.go:437.2,437.18 1 1
